<html>
<body>
<pre>
<h1>µVision Build Log</h1>
<h2>Tool Versions:</h2>
IDE-Version: µVision V5.20.0.0
Copyright (C) 2016 ARM Ltd and ARM Germany GmbH. All rights reserved.
License Information: BICO BICO, BICO, LIC=14HTG-V5UL6-KN3AC-7RX9J-ARN73-S5XM7
 
Tool Versions:
Toolchain:       MDK-ARM Plus  Version: 5.20
Toolchain Path:  C:\Keil_v5\ARM\ARMCC\Bin
C Compiler:      Armcc.exe V5.06 update 2 (build 183)
Assembler:       Armasm.exe V5.06 update 2 (build 183)
Linker/Locator:  ArmLink.exe V5.06 update 2 (build 183)
Library Manager: ArmAr.exe V5.06 update 2 (build 183)
Hex Converter:   FromElf.exe V5.06 update 2 (build 183)
CPU DLL:         SARMCM3.DLL V5.20
Dialog DLL:      DARMCM1.DLL V1.14.0.0
Target DLL:      STLink\ST-LINKIII-KEIL_SWO.dll V2.0.18.0
Dialog DLL:      TARMCM1.DLL V1.10.0.0
 
<h2>Project:</h2>
E:\MicroController\STM\STM32\STM32F0\BICO_STM32F0xx_StdPeriph_Lib_V1.5.0_STM32F030F4P6_Kit_board\Projects\STM32F0xx_StdPeriph_Templates\MDK-ARM\Project.uvprojx
Project File Date:  07/25/2018

<h2>Output:</h2>
*** Using Compiler 'V5.06 update 2 (build 183)', folder: 'C:\Keil_v5\ARM\ARMCC\Bin'
Build target 'STM32F030'
compiling stm32f0xx_it.c...
compiling Arduino.cpp...
compiling main.cpp...
compiling Bico_STM32F0_Generic.cpp...
compiling Bico_STM32F0_SPI1.cpp...
compiling Bico_STM32F0_Serial1.cpp...
linking...
Program Size: Code=1944 RO-data=212 RW-data=20 ZI-data=1052  
FromELF: creating hex file...
"STM32F030\STM32F030.axf" - 0 Error(s), 0 Warning(s).

<h2>Collection of Component include folders:</h2>
  E:\MicroController\STM\STM32\STM32F0\BICO_STM32F0xx_StdPeriph_Lib_V1.5.0_STM32F030F4P6_Kit_board\Projects\STM32F0xx_StdPeriph_Templates\MDK-ARM\RTE
  C:\Keil_v5\ARM\PACK\Keil\STM32F0xx_DFP\2.0.0\Drivers\CMSIS\Device\ST\STM32F0xx\Include

<h2>Collection of Component Files used:</h2>
Build Time Elapsed:  00:00:04
</pre>
</body>
</html>
